// Jest Snapshot v1, https://goo.gl/fbAQLP

exports[`Box renders the story 1`] = `
.c0 {
  min-width: 0;
  box-sizing: border-box;
  border-radius: 100px;
  margin-top: 8px;
  margin-bottom: 8px;
  margin-right: 8px;
  height: 48px;
  width: 160px;
  max-width: 480px;
  -webkit-align-items: center;
  -webkit-box-align: center;
  -ms-flex-align: center;
  align-items: center;
}

.c2 {
  min-width: 0;
  box-sizing: border-box;
  border-radius: 100px;
  margin-left: 8px;
  margin-right: 8px;
  color: #000;
  height: 24px;
  width: 16px;
  font-size: 1rem;
}

.c5 {
  min-width: 0;
  box-sizing: border-box;
  border-color: #1AD08F;
  border-radius: 100px;
  border: 0;
  background-color: #1AD08F;
  color: darkgreen;
  display: -webkit-box;
  display: -webkit-flex;
  display: -ms-flexbox;
  display: flex;
  width: 100%;
  height: 32px;
  -webkit-align-items: center;
  -webkit-box-align: center;
  -ms-flex-align: center;
  align-items: center;
  -webkit-box-pack: center;
  -webkit-justify-content: center;
  -ms-flex-pack: center;
  justify-content: center;
  text-align: center;
  font-size: 1.25rem;
}

.c4 {
  color: #000;
  font-size: 1.125rem;
  font-weight: 400;
  line-height: 1.4;
  font-family: RT-Alias-Grotesk;
}

.c1 {
  display: -webkit-box;
  display: -webkit-flex;
  display: -ms-flexbox;
  display: flex;
  -webkit-box-pack: center;
  -webkit-justify-content: center;
  -ms-flex-pack: center;
  justify-content: center;
}

.c3 {
  display: -webkit-box;
  display: -webkit-flex;
  display: -ms-flexbox;
  display: flex;
  -webkit-box-pack: center;
  -webkit-justify-content: center;
  -ms-flex-pack: center;
  justify-content: center;
  -webkit-align-items: center;
  -webkit-box-align: center;
  -ms-flex-align: center;
  align-items: center;
}

.c6 {
  line-height: 2;
}

<div
  class="c0 c1"
  height="6"
  width="9"
>
  <div
    class="c2 c3"
    color="core.black"
    font-size="1"
    height="4"
    width="3"
  >
    <p
      class="c4"
      color="core.black"
      font-family="RT-Alias-Grotesk"
      font-size="2"
      font-weight="400"
    >
      12
    </p>
  </div>
  <div
    class="c5 c6"
    color="darkgreen"
    display="flex"
    font-size="3"
    height="5"
    width="100%"
  >
    hello world
  </div>
</div>
`;
