// Jest Snapshot v1, https://goo.gl/fbAQLP

exports[`Box renders the story 1`] = `
.c0 {
  min-width: 0;
  box-sizing: border-box;
  border-radius: 100px;
  margin-top: 8px;
  margin-bottom: 8px;
  margin-right: 8px;
  height: 48px;
  width: 160px;
  max-width: 480px;
  -webkit-align-items: center;
  -webkit-box-align: center;
  -ms-flex-align: center;
  align-items: center;
}

.c2 {
  min-width: 0;
  box-sizing: border-box;
  border-radius: 100px;
  margin-left: 8px;
  margin-right: 8px;
  color: #000;
  height: 24px;
  width: 16px;
  font-size: 1rem;
}

.c1 {
  display: -webkit-box;
  display: -webkit-flex;
  display: -ms-flexbox;
  display: flex;
  -webkit-box-pack: center;
  -webkit-justify-content: center;
  -ms-flex-pack: center;
  justify-content: center;
}

.c3 {
  display: -webkit-box;
  display: -webkit-flex;
  display: -ms-flexbox;
  display: flex;
  -webkit-box-pack: center;
  -webkit-justify-content: center;
  -ms-flex-pack: center;
  justify-content: center;
  -webkit-align-items: center;
  -webkit-box-align: center;
  -ms-flex-align: center;
  align-items: center;
}

.c4 {
  background-color: transparent;
  color: #5E26FF;
  display: -webkit-box;
  display: -webkit-flex;
  display: -ms-flexbox;
  display: flex;
  width: 100%;
  height: 32px;
  border-radius: 100px;
  border: 1px solid;
  -webkit-align-items: center;
  -webkit-box-align: center;
  -ms-flex-align: center;
  align-items: center;
  -webkit-box-pack: center;
  -webkit-justify-content: center;
  -ms-flex-pack: center;
  justify-content: center;
  text-align: center;
  font-size: 1.25rem;
}

.c4:focus {
  box-shadow: 0;
  outline: 0;
}

<div
  class="c0 c1"
  height="6"
  width="9"
>
  <div
    class="c2 c3"
    color="core.black"
    font-size="1"
    height="4"
    width="3"
  >
    12
  </div>
  <input
    class="c4"
    color="core.primary"
    display="flex"
    font-size="3"
    height="5"
    value=""
    width="100%"
  />
</div>
`;
