// Jest Snapshot v1, https://goo.gl/fbAQLP

exports[`AccountError renders the story 1`] = `
.c0 {
  min-width: 0;
  box-sizing: border-box;
  border-radius: 4px;
  padding: 16px;
  background-color: #FC6D6F;
  color: #660000;
  display: -webkit-box;
  display: -webkit-flex;
  display: -ms-flexbox;
  display: flex;
  width: 300px;
  height: 300px;
  -webkit-flex-direction: column;
  -ms-flex-direction: column;
  flex-direction: column;
  -webkit-box-pack: justify;
  -webkit-justify-content: space-between;
  -ms-flex-pack: justify;
  justify-content: space-between;
  box-shadow: 0 0.7px 2.2px -8px rgba(0,0,0,0.18),0 1.7px 5.4px rgba(0,0,0,0.129),0 3.1px 10.1px rgba(0,0,0,0.107),0 5.6px 18.1px rgba(0,0,0,0.09),0 10.4px 33.8px rgba(0,0,0,0.073),0 25px 81px rgba(0,0,0,0.051);
}

.c1 {
  min-width: 0;
  box-sizing: border-box;
  display: -webkit-box;
  display: -webkit-flex;
  display: -ms-flexbox;
  display: flex;
  -webkit-align-items: center;
  -webkit-box-align: center;
  -ms-flex-align: center;
  align-items: center;
  -webkit-box-pack: start;
  -webkit-justify-content: flex-start;
  -ms-flex-pack: start;
  justify-content: flex-start;
}

.c2 {
  min-width: 0;
  box-sizing: border-box;
  border-width: 0.1875rem;
  border-radius: 8px;
  border-style: solid;
  margin-right: 16px;
  color: #660000;
  display: -webkit-box;
  display: -webkit-flex;
  display: -ms-flexbox;
  display: flex;
  width: 48px;
  height: 48px;
  -webkit-align-items: center;
  -webkit-box-align: center;
  -ms-flex-align: center;
  align-items: center;
  -webkit-box-pack: center;
  -webkit-justify-content: center;
  -ms-flex-pack: center;
  justify-content: center;
}

.c5 {
  min-width: 0;
  box-sizing: border-box;
}

.c7 {
  min-width: 0;
  box-sizing: border-box;
  display: -webkit-box;
  display: -webkit-flex;
  display: -ms-flexbox;
  display: flex;
}

.c3 {
  font-family: "RT-Alias-Medium","system-ui","Segoe UI","Roboto",Helvetica;
  font-weight: 700;
  font-size: 1.5rem;
}

.c8 {
  cursor: pointer;
  border: 1px solid status.fail.foreground;
  background-color: #1AD08F;
  border-color: status.fail.foreground;
  color: status.fail.foreground;
  font-size: 1.125rem;
  -webkit-transition: 0.18s ease-in-out;
  transition: 0.18s ease-in-out;
  border-radius: 4px;
  padding: 8px;
  padding-top: 8px;
  padding-bottom: 8px;
  padding-left: 16px;
  padding-right: 16px;
  height: 100%;
  border-color: #660000;
  border-width: 1px;
  border-radius: 4px;
  background-color: transparent;
  color: #660000;
}

.c8:hover {
  opacity: 0.8;
}

.c4 {
  font-size: 1.125rem;
  font-weight: 400;
  line-height: 1.4;
  font-family: RT-Alias-Grotesk;
}

.c6 {
  font-size: 1.125rem;
  font-weight: 400;
  line-height: 1.4;
  font-family: RT-Alias-Grotesk;
  margin: 0;
}

<div
  class="c0"
  color="card.error.foreground"
  display="flex"
  height="11"
  width="11"
>
  <div
    class="c1"
    display="flex"
  >
    <div
      class="c2"
      color="status.fail.foreground"
      display="flex"
      size="6"
    >
      <h3
        class="c3"
      >
        Er
      </h3>
    </div>
    <p
      class="c4"
      font-family="RT-Alias-Grotesk"
      font-size="2"
      font-weight="400"
    >
      Error
    </p>
  </div>
  <div
    class="c5"
  >
    <p
      class="c6"
      font-family="RT-Alias-Grotesk"
      font-size="2"
      font-weight="400"
    >
      There was an error
    </p>
  </div>
  <div
    class="c7"
    display="flex"
  >
    <button
      class="c8"
      color="status.fail.foreground"
      font-size="3"
      height="100%"
      type="button"
    >
      Try again
    </button>
  </div>
</div>
`;
