// Jest Snapshot v1, https://goo.gl/fbAQLP

exports[`PageWrapper renders the PageWrapper 1`] = `
.c0 {
  display: -webkit-box;
  display: -webkit-flex;
  display: -ms-flexbox;
  display: flex;
  -webkit-flex-wrap: wrap;
  -ms-flex-wrap: wrap;
  flex-wrap: wrap;
  max-width: 1440px;
  margin: 0 auto;
  min-height: 100vh;
}

<div
  class="c0"
>
  Test
</div>
`;
