// Jest Snapshot v1, https://goo.gl/fbAQLP

exports[`FloatingContainer renders the floating container 1`] = `
.c0 {
  min-width: 0;
  box-sizing: border-box;
  border: 1px solid;
  border-color: #C4C4C4;
  background-color: #F6F8FE;
  box-shadow: rgba(0,0,0,0.10) 0px 0.7px 2.2px -8px,rgba(0,0,0,0.04) 0px 1.7px 2.4px,rgba(0,0,0,0.106) 0px 3.1px 8.1px,rgba(0,0,0,0.04) 0px 5.6px 12.1px,rgba(0,0,0,0.045) 0px 4.4px 4.8px,rgba(0,0,0,0.05) 0px 15px 41px;
}

.c1 {
  position: fixed;
  display: -webkit-box;
  display: -webkit-flex;
  display: -ms-flexbox;
  display: flex;
  -webkit-align-items: center;
  -webkit-box-align: center;
  -ms-flex-align: center;
  align-items: center;
  -webkit-flex-direction: row;
  -ms-flex-direction: row;
  flex-direction: row;
  bottom: 16px;
  -webkit-box-pack: justify;
  -webkit-justify-content: space-between;
  -ms-flex-pack: justify;
  justify-content: space-between;
  -webkit-align-self: center;
  -ms-flex-item-align: center;
  align-self: center;
  border-radius: 4px;
  max-width: 560px;
  width: 40%;
}

<div
  class="c0 c1"
>
  <div>
    Hello world
  </div>
</div>
`;
