// Jest Snapshot v1, https://goo.gl/fbAQLP

exports[`bls #sign 1`] = `
{
  "Message": {
    "From": "t3vbrwhphivdxyvs3pxpp54w73664bgxmb7ed4du4ohhu3dc6f5y264cs72yluw7mjbwnlrtzq543ys57plzka",
    "GasFeeCap": "1",
    "GasLimit": 1000,
    "GasPremium": "1",
    "Method": 0,
    "Nonce": 0,
    "Params": "",
    "To": "t3vbrwhphivdxyvs3pxpp54w73664bgxmb7ed4du4ohhu3dc6f5y264cs72yluw7mjbwnlrtzq543ys57plzka",
    "Value": "0",
  },
  "Signature": {
    "Data": "gTjLEAanvWII9SOrRpdgEIV3BNZvEmP1/QocIlJA3eo9WmUT28LLkMq4gYBI8aggEzYw0XhRKCFKY191V2EM16amLiwkmcs+qAJJcXAAoO+Am2enYxFHhUWcGyRILHYc",
    "Type": 2,
  },
}
`;

exports[`secp256k1 #sign 1`] = `
{
  "Message": {
    "From": "t17lxg2i2otnl7mmpw2ocd6o4e3b4un3272vny6ka",
    "GasFeeCap": "1",
    "GasLimit": 1000,
    "GasPremium": "1",
    "Method": 0,
    "Nonce": 0,
    "Params": "",
    "To": "t17lxg2i2otnl7mmpw2ocd6o4e3b4un3272vny6ka",
    "Value": "0",
  },
  "Signature": {
    "Data": "l3WF6gkTMr1ZD8YUT186/0I7Z+ftoUWs7/2J/vt86qMD5u582Oh+gEcBUq+OaZCNfYdsvq/MTJn8aU07PquT/wE=",
    "Type": 1,
  },
}
`;
