// Jest Snapshot v1, https://goo.gl/fbAQLP

exports[`CopyAddress renders the story 1`] = `
.c0 {
  min-width: 0;
  box-sizing: border-box;
  color: #E0D7FE;
  display: -webkit-box;
  display: -webkit-flex;
  display: -ms-flexbox;
  display: flex;
  -webkit-align-items: center;
  -webkit-box-align: center;
  -ms-flex-align: center;
  align-items: center;
}

.c3 {
  cursor: pointer;
  border: 1px solid #1AD08F;
  background-color: #1AD08F;
  border-color: #1AD08F;
  color: #08442F;
  font-size: 1.125rem;
  -webkit-transition: 0.18s ease-in-out;
  transition: 0.18s ease-in-out;
  border-radius: 4px;
  margin-left: 8px;
  padding-top: 8px;
  padding-bottom: 8px;
  padding-left: 16px;
  padding-right: 16px;
  display: -webkit-box;
  display: -webkit-flex;
  display: -ms-flexbox;
  display: flex;
  height: 48px;
  -webkit-align-items: center;
  -webkit-box-align: center;
  -ms-flex-align: center;
  align-items: center;
  border-width: 1px;
  border-radius: 4px;
}

.c3:hover {
  opacity: 0.8;
}

.c5 {
  width: 24;
  height: 24;
}

.c1 {
  font-size: 1.25rem;
  font-weight: 400;
  line-height: 1.2;
  font-family: RT-Alias-Grotesk;
  overflow: hidden;
  margin: 0;
}

.c8 {
  color: #E0D7FE;
  font-size: 1.125rem;
  font-weight: 400;
  line-height: 1;
  font-family: RT-Alias-Grotesk;
  text-align: left;
  min-width: 64px;
  margin: 0;
  margin-top: 0;
  margin-left: 4px;
}

.c4 {
  height: auto;
  opacity: 1 !important;
  border: 0;
  background: transparent;
  padding: 0;
  outline: none;
}

.c7 {
  -webkit-transition: 0.24s ease-in-out;
  transition: 0.24s ease-in-out;
}

.c2:hover .c6 {
  -webkit-transform: scale(1.25);
  -ms-transform: scale(1.25);
  transform: scale(1.25);
}

.c10 {
  -webkit-transition: 0.18s ease-in;
  transition: 0.18s ease-in;
  opacity: 0;
}

.c2:hover .c9 {
  opacity: 1;
}

<div
  class="c0"
  color="core.secondary"
  display="flex"
>
  <h2
    class="c1"
    font-family="RT-Alias-Grotesk"
    font-size="3"
    font-weight="1"
    overflow="hidden"
  >
    f17uoq ... twpryy
  </h2>
  <button
    class="c2 c3 c4"
    display="flex"
    font-size="3"
    height="6"
  >
    <svg
      class="c5 c6 c7"
      fill="none"
      height="24"
      viewBox="0 0 24 24"
      width="24"
      xmlns="http://www.w3.org/2000/svg"
    >
      <rect
        fill="#1A0066"
        height="12"
        width="12"
        x="8"
        y="4"
      />
      <rect
        fill="#E0D7FE"
        height="12"
        width="12"
        x="4"
        y="8"
      />
    </svg>
    <h4
      class="c8 c9 c10"
      color="core.secondary"
      font-family="RT-Alias-Grotesk"
      font-size="2"
      font-weight="400"
    >
      Copy
    </h4>
  </button>
</div>
`;
