// Jest Snapshot v1, https://goo.gl/fbAQLP

exports[`Stepper renders the story 1`] = `
.c1 {
  color: colors.core.black;
  font-size: 1.125rem;
  font-weight: 400;
  line-height: 1.4;
  font-family: RT-Alias-Grotesk;
  margin-right: 8px;
  margin-top: 0;
  margin-bottom: 0;
}

.c0 {
  min-width: 0;
  box-sizing: border-box;
  display: -webkit-box;
  display: -webkit-flex;
  display: -ms-flexbox;
  display: flex;
}

.c2 {
  min-width: 0;
  box-sizing: border-box;
  display: -webkit-box;
  display: -webkit-flex;
  display: -ms-flexbox;
  display: flex;
  -webkit-align-items: center;
  -webkit-box-align: center;
  -ms-flex-align: center;
  align-items: center;
}

.c3 {
  min-width: 0;
  box-sizing: border-box;
  border-radius: 100px;
  margin-left: 4px;
  margin-right: 4px;
  background-color: colors.core.primary;
  display: inline-block;
  width: 8px;
  height: 8px;
}

.c4 {
  min-width: 0;
  box-sizing: border-box;
  border-radius: 100px;
  margin-left: 4px;
  margin-right: 4px;
  background-color: colors.core.yellow;
  display: inline-block;
  width: 8px;
  height: 8px;
}

<div
  class="c0"
  display="flex"
>
  <p
    class="c1"
    color="colors.core.black"
    font-family="RT-Alias-Grotesk"
    font-size="2"
    font-weight="400"
  >
    Step 
    2
  </p>
  <div
    class="c2"
    display="flex"
  >
    <div
      class="c3"
      display="inline-block"
      height="2"
      width="2"
    />
  </div>
  <div
    class="c2"
    display="flex"
  >
    <div
      class="c3"
      display="inline-block"
      height="2"
      width="2"
    />
  </div>
  <div
    class="c2"
    display="flex"
  >
    <div
      class="c4"
      display="inline-block"
      height="2"
      width="2"
    />
  </div>
  <div
    class="c2"
    display="flex"
  >
    <div
      class="c4"
      display="inline-block"
      height="2"
      width="2"
    />
  </div>
  <div
    class="c2"
    display="flex"
  >
    <div
      class="c4"
      display="inline-block"
      height="2"
      width="2"
    />
  </div>
</div>
`;
